{
  "version": "1.0.0",
  "plugins_used": [
    {"name": "Base64HighEntropyString", "limit": 4.5},
    {"name": "HexHighEntropyString", "limit": 3.0},
    {"name": "KeywordDetector"}
  ],
  "filters_used": [
    {"path": "detect_secrets.filters.heuristic.is_indirect_reference"},
    {"path": "detect_secrets.filters.allowlist.is_line_allowlisted"},
    {"path": "detect_secrets.filters.common.is_ignored_file"}
  ],
  "results": {}
}
